[00:00:00.000335200 / 00:00:00.000335200] [4194304 bytes] PHPUnit Started (PHPUnit 10.5.16 using PHP 8.1.6 (cli) on WINNT)
[00:00:00.011729900 / 00:00:00.011394700] [4194304 bytes] Test Runner Configured
[00:00:00.027043400 / 00:00:00.015313500] [6291456 bytes] Test Suite Loaded (5 tests)
[00:00:00.040061800 / 00:00:00.013018400] [6291456 bytes] Event Facade Sealed
[00:00:00.040803800 / 00:00:00.000742000] [6291456 bytes] Test Runner Started
[00:00:00.041649700 / 00:00:00.000845900] [6291456 bytes] Test Suite Sorted
[00:00:00.042222100 / 00:00:00.000572400] [6291456 bytes] Test Runner Execution Started (5 tests)
[00:00:00.042429100 / 00:00:00.000207000] [6291456 bytes] Test Suite Started (CLI Arguments, 5 tests)
[00:00:00.043032300 / 00:00:00.000603200] [6291456 bytes] Test Suite Started (AddressTest, 1 test)
[00:00:00.045113200 / 00:00:00.002080900] [6291456 bytes] Test Preparation Started (AddressTest::testAddressConstructor)
[00:00:00.045590500 / 00:00:00.000477300] [6291456 bytes] Test Prepared (AddressTest::testAddressConstructor)
[00:00:00.046804600 / 00:00:00.001214100] [6291456 bytes] Assertion Succeeded (Constraint: is identical to 'cairo', Value: 'cairo')
[00:00:00.047652200 / 00:00:00.000847600] [6291456 bytes] Assertion Succeeded (Constraint: is identical to 'el tahrir', Value: 'el tahrir')
[00:00:00.047822000 / 00:00:00.000169800] [6291456 bytes] Assertion Succeeded (Constraint: is identical to 'el tahrir', Value: 'el tahrir')
[00:00:00.048177500 / 00:00:00.000355500] [6291456 bytes] Assertion Succeeded (Constraint: is empty, Value: '')
[00:00:00.048500400 / 00:00:00.000322900] [6291456 bytes] Test Passed (AddressTest::testAddressConstructor)
[00:00:00.051401800 / 00:00:00.002901400] [6291456 bytes] Test Finished (AddressTest::testAddressConstructor)
[00:00:00.051705000 / 00:00:00.000303200] [6291456 bytes] Test Suite Finished (AddressTest, 1 test)
[00:00:00.051976600 / 00:00:00.000271600] [6291456 bytes] Test Suite Started (OrderTest, 1 test)
[00:00:00.052257900 / 00:00:00.000281300] [6291456 bytes] Test Preparation Started (OrderTest::testOrderHaveReceipt)
[00:00:00.052440200 / 00:00:00.000182300] [6291456 bytes] Test Prepared (OrderTest::testOrderHaveReceipt)
[00:00:00.054651700 / 00:00:00.002211500] [6291456 bytes] Assertion Succeeded (Constraint: is equal to 'total price : 83.16 #|# user name : ahmed mohamed #|# product name : t-shirt category : men price : 60 #|# size small #|# color red', Value: 'total price : 83.16 #|# user name : ahmed mohamed #|# product name : t-shirt category : men price : 60 #|# size small #|# color red')
[00:00:00.054854500 / 00:00:00.000202800] [6291456 bytes] Test Passed (OrderTest::testOrderHaveReceipt)
[00:00:00.055075500 / 00:00:00.000221000] [6291456 bytes] Test Finished (OrderTest::testOrderHaveReceipt)
[00:00:00.055313500 / 00:00:00.000238000] [6291456 bytes] Test Suite Finished (OrderTest, 1 test)
[00:00:00.055572900 / 00:00:00.000259400] [6291456 bytes] Test Suite Started (ShippingFactoryTest, 3 tests)
[00:00:00.055858300 / 00:00:00.000285400] [6291456 bytes] Test Preparation Started (ShippingFactoryTest::testCreateAramexFactory)
[00:00:00.056038300 / 00:00:00.000180000] [6291456 bytes] Test Prepared (ShippingFactoryTest::testCreateAramexFactory)
[00:00:00.056442600 / 00:00:00.000404300] [6291456 bytes] Assertion Succeeded (Constraint: is an instance of class App\Services\Aramex, Value: App\Services\Aramex Object #449 ())
[00:00:00.056631000 / 00:00:00.000188400] [6291456 bytes] Test Passed (ShippingFactoryTest::testCreateAramexFactory)
[00:00:00.056869200 / 00:00:00.000238200] [6291456 bytes] Test Finished (ShippingFactoryTest::testCreateAramexFactory)
[00:00:00.057083800 / 00:00:00.000214600] [6291456 bytes] Test Preparation Started (ShippingFactoryTest::testCreateFetcherFactory)
[00:00:00.057254500 / 00:00:00.000170700] [6291456 bytes] Test Prepared (ShippingFactoryTest::testCreateFetcherFactory)
[00:00:00.057738300 / 00:00:00.000483800] [6291456 bytes] Assertion Succeeded (Constraint: is an instance of class App\Services\Fetcher, Value: App\Services\Fetcher Object #31 ())
[00:00:00.057948900 / 00:00:00.000210600] [6291456 bytes] Test Passed (ShippingFactoryTest::testCreateFetcherFactory)
[00:00:00.058155000 / 00:00:00.000206100] [6291456 bytes] Test Finished (ShippingFactoryTest::testCreateFetcherFactory)
[00:00:00.058367700 / 00:00:00.000212700] [6291456 bytes] Test Preparation Started (ShippingFactoryTest::testCreateFedexFactory)
[00:00:00.058536700 / 00:00:00.000169000] [6291456 bytes] Test Prepared (ShippingFactoryTest::testCreateFedexFactory)
[00:00:00.059056500 / 00:00:00.000519800] [6291456 bytes] Assertion Succeeded (Constraint: is an instance of class App\Services\Fedex, Value: App\Services\Fedex Object #482 ())
[00:00:00.059234200 / 00:00:00.000177700] [6291456 bytes] Test Passed (ShippingFactoryTest::testCreateFedexFactory)
[00:00:00.059430000 / 00:00:00.000195800] [6291456 bytes] Test Finished (ShippingFactoryTest::testCreateFedexFactory)
[00:00:00.059682700 / 00:00:00.000252700] [6291456 bytes] Test Suite Finished (ShippingFactoryTest, 3 tests)
[00:00:00.059844300 / 00:00:00.000161600] [6291456 bytes] Test Suite Finished (CLI Arguments, 5 tests)
[00:00:00.060257300 / 00:00:00.000413000] [6291456 bytes] Test Runner Execution Finished
[00:00:00.060418000 / 00:00:00.000160700] [6291456 bytes] Test Runner Finished
[00:00:00.061997700 / 00:00:00.001579700] [6291456 bytes] PHPUnit Finished (Shell Exit Code: 0)
